// Jest Snapshot v1, https://goo.gl/fbAQLP

exports[`Testing on <HookApp /> should display accordingly 1`] = `
<div
  className="row"
>
  <div
    className="col text-center"
  >
    <h1>
      HooksApp
    </h1>
  </div>
</div>
`;
