// Jest Snapshot v1, https://goo.gl/fbAQLP

exports[`Testing on AppRouter should display correctly 1`] = `
<div>
  <nav
    className="navbar navbar-expand-lg navbar-dark bg-dark px-3"
  >
    <a
      className="navbar-brand"
      href="/"
      onClick={[Function]}
    >
      UseContext
    </a>
    <div
      className="collapse navbar-collapse"
    >
      <ul
        className="navbar-nav mr-auto"
      >
        <a
          aria-current="page"
          className="nav-item nav-link active"
          href="/"
          onClick={[Function]}
          style={Object {}}
        >
          Home
        </a>
        <a
          aria-current={null}
          className="nav-item nav-link"
          href="/about"
          onClick={[Function]}
        >
          About
        </a>
        <a
          aria-current={null}
          className="nav-item nav-link"
          href="/login"
          onClick={[Function]}
        >
          Login
        </a>
      </ul>
    </div>
  </nav>
  <div
    className="container"
  >
    Array [
      <h1>
        Home Page
      </h1>,
      <hr />,
      <pre>
        {
    "id": "TEST",
    "username": "lucnova",
    "email": "alanugb@gmail.com"
}
      </pre>,
    ]
  </div>
</div>
`;
