// Jest Snapshot v1, https://goo.gl/fbAQLP

exports[`Testing on HomePage should show component as snapshot 1`] = `
Array [
  <h1>
    Home Page
  </h1>,
  <hr />,
  <pre>
    {
    "id": "TEST",
    "username": "lucnova",
    "email": "alanugb@gmail.com"
}
  </pre>,
]
`;
