// Jest Snapshot v1, https://goo.gl/fbAQLP

exports[`* TESTS ON <CounterApp /> should display <CounterApp /> as intended 1`] = `
<Fragment>
  <h1>
    CounterApp
  </h1>
  <h2>
    0
  </h2>
  <button
    onClick={[Function]}
  >
    +1
  </button>
  <button
    onClick={[Function]}
  >
    -1
  </button>
  <button
    onClick={[Function]}
  >
    R
  </button>
</Fragment>
`;
